============================= test session starts =============================
platform win32 -- Python 3.13.9, pytest-9.0.1, pluggy-1.6.0 -- C:\Users\liad7\Projects\Bestiary-Registry\backend\.venv\Scripts\python.exe
cachedir: .pytest_cache
rootdir: C:\Users\liad7\Projects\Bestiary-Registry\backend
configfile: pyproject.toml
plugins: anyio-4.11.0
collecting ... collected 22 items

tests/test_creature_classes.py::test_create_class PASSED                 [  4%]
tests/test_creature_classes.py::test_create_duplicate_class PASSED       [  9%]
tests/test_creature_classes.py::test_update_class_rename_cascade PASSED  [ 13%]
tests/test_creature_classes.py::test_delete_class PASSED                 [ 18%]
tests/test_creature_classes.py::test_delete_class_not_found PASSED       [ 22%]
tests/test_creature_classes.py::test_update_class_not_found PASSED       [ 27%]
tests/test_creature_classes.py::test_create_class_missing_name PASSED    [ 31%]
tests/test_creatures.py::test_create_creature PASSED                     [ 36%]
tests/test_creatures.py::test_get_creatures PASSED                       [ 40%]
tests/test_creatures.py::test_update_creature PASSED                     [ 45%]
tests/test_creatures.py::test_delete_creature PASSED                     [ 50%]
tests/test_creatures.py::test_get_creature_not_found PASSED              [ 54%]
tests/test_creatures.py::test_update_creature_not_found PASSED           [ 59%]
tests/test_creatures.py::test_delete_creature_not_found PASSED           [ 63%]
tests/test_creatures.py::test_create_creature_missing_field PASSED       [ 68%]
tests/test_creatures.py::test_create_creature_invalid_type PASSED        [ 72%]
tests/test_creatures.py::test_create_then_list PASSED                    [ 77%]
tests/test_creatures.py::test_update_then_read_reflects_change PASSED    [ 81%]
tests/test_health.py::test_docs_accessible PASSED                        [ 86%]
tests/test_health.py::test_openapi_accessible PASSED                     [ 90%]
test_dashboard.py::test_dashboard_file_exists PASSED                     [ 95%]
test_dashboard.py::test_settings_importable PASSED                       [100%]

============================= 22 passed in 2.05s ==============================
